// Jest Snapshot v1, https://goo.gl/fbAQLP

exports[`LoginForm Snapshot renderiza corretamente 1`] = `
<div>
  <form
    class="space-y-6 bg-gray-50 px-6 py-8 sm:px-12"
  >
    <div
      class="grid gap-2"
      data-slot="form-item"
    >
      <label
        class="flex items-center gap-2 text-sm leading-none font-medium select-none group-data-[disabled=true]:pointer-events-none group-data-[disabled=true]:opacity-50 peer-disabled:cursor-not-allowed peer-disabled:opacity-50 data-[error=true]:text-destructive"
        data-error="false"
        data-slot="form-label"
        for=":r0:-form-item"
      >
        Usuário
      </label>
      <input
        aria-describedby=":r0:-form-item-description"
        aria-invalid="false"
        class="file:text-foreground placeholder:text-muted-foreground selection:bg-primary selection:text-primary-foreground dark:bg-input/30 border-input flex w-full min-w-0 rounded-md border bg-transparent px-3 py-1 text-base shadow-xs transition-[color,box-shadow] outline-none file:inline-flex file:h-7 file:border-0 file:bg-transparent file:text-sm file:font-medium disabled:pointer-events-none disabled:cursor-not-allowed disabled:opacity-50 md:text-sm focus-visible:border-ring focus-visible:ring-ring/50 focus-visible:ring-[3px] aria-invalid:ring-destructive/20 dark:aria-invalid:ring-destructive/40 aria-invalid:border-destructive h-12"
        data-slot="form-control"
        id=":r0:-form-item"
        name="username"
        placeholder="Seu usuário"
        value=""
      />
    </div>
    <div
      class="grid gap-2"
      data-slot="form-item"
    >
      <label
        class="flex items-center gap-2 text-sm leading-none font-medium select-none group-data-[disabled=true]:pointer-events-none group-data-[disabled=true]:opacity-50 peer-disabled:cursor-not-allowed peer-disabled:opacity-50 data-[error=true]:text-destructive"
        data-error="false"
        data-slot="form-label"
        for=":r1:-form-item"
      >
        Senha
      </label>
      <div
        class="relative"
      >
        <input
          aria-describedby=":r1:-form-item-description"
          aria-invalid="false"
          class="file:text-foreground placeholder:text-muted-foreground selection:bg-primary selection:text-primary-foreground dark:bg-input/30 border-input flex h-9 w-full min-w-0 rounded-md border bg-transparent px-3 text-base shadow-xs transition-[color,box-shadow] outline-none file:inline-flex file:h-7 file:border-0 file:bg-transparent file:text-sm file:font-medium disabled:pointer-events-none disabled:cursor-not-allowed disabled:opacity-50 md:text-sm focus-visible:border-ring focus-visible:ring-ring/50 focus-visible:ring-[3px] aria-invalid:ring-destructive/20 dark:aria-invalid:ring-destructive/40 aria-invalid:border-destructive py-6 pr-10"
          data-slot="form-control"
          id=":r1:-form-item"
          name="password"
          placeholder="Sua senha"
          type="password"
          value=""
        />
        <button
          class="absolute inset-y-0 right-3 flex items-center"
          type="button"
        >
          <svg
            class="lucide lucide-eye h-5 w-5 text-gray-600"
            fill="none"
            height="24"
            stroke="currentColor"
            stroke-linecap="round"
            stroke-linejoin="round"
            stroke-width="2"
            viewBox="0 0 24 24"
            width="24"
            xmlns="http://www.w3.org/2000/svg"
          >
            <path
              d="M2.062 12.348a1 1 0 0 1 0-.696 10.75 10.75 0 0 1 19.876 0 1 1 0 0 1 0 .696 10.75 10.75 0 0 1-19.876 0"
            />
            <circle
              cx="12"
              cy="12"
              r="3"
            />
          </svg>
        </button>
      </div>
    </div>
    <button
      class="focus-visible:border-ring focus-visible:ring-ring/50 aria-invalid:ring-destructive/20 dark:aria-invalid:ring-destructive/40 aria-invalid:border-destructive shrink-0 cursor-pointer gap-2 rounded-md font-medium whitespace-nowrap transition-all outline-none focus-visible:ring-[3px] disabled:pointer-events-none disabled:opacity-50 [&_svg]:pointer-events-none [&_svg]:shrink-0 [&_svg:not([class*='size-'])]:size-4 bg-primary text-primary-foreground hover:bg-primary/90 shadow-xs px-4 py-2 has-[>svg]:px-3 flex h-10 w-full items-center justify-center text-sm"
      data-slot="button"
      type="submit"
    >
      Entrar
      <span
        aria-live="polite"
        class="sr-only"
        role="status"
      >
        Submit form
      </span>
    </button>
    <p
      class="text-center text-sm text-gray-600"
    >
      Ainda não tem uma conta? 
      <a
        class="font-semibold text-gray-800"
        href="/auth/register"
      >
        Cadastrar
      </a>
    </p>
  </form>
</div>
`;
